exports[`test should render <UsersList /> component 1`] = `
<div>
  Loading...
</div>
`;
